// Jest Snapshot v1, https://goo.gl/fbAQLP

exports[`example 1`] = `
Array [
  "./firstLevelDynamic.js",
  "./firstLevel.js",
  "./deeper/secondLevel.js",
  "es-module-lexer",
]
`;

exports[`with server 1`] = `
Array [
  "./firstLevelDynamic.js",
  "./firstLevel.js",
  "./deeper/secondLevel.js",
  "es-module-lexer",
]
`;
